{
    "Nextflow run nf-core/demo - docker,test": {
        "content": [
            [
                "cowpy.txt:md5,9c8be9f4550989b40901f379cb1a605f"
            ],
            [
                [
                    "SAMPLE1_PE_1_fastqc.html:md5,99c128ded1036eb91b7ce47182e1d9f3",
                    "SAMPLE1_PE_2_fastqc.html:md5,8e4909b78904d0c93c4c145fbfbff188"
                ],
                [
                    "SAMPLE2_PE_1_fastqc.html:md5,77fecf73e0099dac8426e79fbbb52ec4",
                    "SAMPLE2_PE_2_fastqc.html:md5,956f974be8ee182de47b86862606934b"
                ],
                [
                    "SAMPLE3_SE_1_fastqc.html:md5,c4868dbdfea364cc0eb89cc1a275c0f3",
                    "SAMPLE3_SE_2_fastqc.html:md5,7217649245e61d387ca4c5307f00c5d6"
                ]
            ],
            [
                [
                    "SAMPLE1_PE_sample1_R1.fastq.gz:md5,7dd2fd0d542d9259d9aed53550907fae",
                    "SAMPLE1_PE_sample1_R2.fastq.gz:md5,1995fe8488384d801807805f26ceca8a"
                ],
                [
                    "SAMPLE2_PE_sample2_R1.fastq.gz:md5,05dba9c26396cbdbe0e6da26f037106e",
                    "SAMPLE2_PE_sample2_R2.fastq.gz:md5,63d5e4ac37927c2ecec4b74d2ff99a10"
                ],
                [
                    "SAMPLE3_SE_sample1_R1.fastq.gz:md5,7dd2fd0d542d9259d9aed53550907fae",
                    "SAMPLE3_SE_sample2_R1.fastq.gz:md5,05dba9c26396cbdbe0e6da26f037106e"
                ]
            ]
        ],
        "timestamp": "2026-09-04T14:32:49.254557",
        "meta": {
            "nf-test": "0.9.5",
            "nextflow": "26.04.6"
        }
    }
}